src/features/transcription/components/viewer/TranscriptionViewerNew.tsx(28,34): error TS2307: Cannot find module '@/services/transcription' or its corresponding type declarations.
src/features/transcription/components/viewer/TranscriptionViewerNew.tsx(30,61): error TS2307: Cannot find module '@/types/api/analysis' or its corresponding type declarations.
src/features/transcription/utils/exportUtils.ts(4,34): error TS2307: Cannot find module '@/services/transcription' or its corresponding type declarations.
src/services/index.ts(4,15): error TS2307: Cannot find module './transcription' or its corresponding type declarations.
